---
source: src/parser/latex.rs
expression: root
input_file: src/parser/test_data/latex/command_definition/command_definition_no_impl_error.txt
---
ROOT@0..16
  PREAMBLE@0..16
    COMMAND_DEFINITION@0..16
      COMMAND_DEFINITION_NAME@0..11 "\\newcommand"
      CURLY_GROUP_COMMAND@11..16
        L_CURLY@11..12 "{"
        GENERIC_COMMAND_NAME@12..16 "\\foo"

