---
source: src/parser/latex.rs
expression: root
input_file: src/parser/test_data/latex/label/label_reference_range_incomplete.txt
---
ROOT@0..15
  PREAMBLE@0..15
    LABEL_REFERENCE_RANGE@0..15
      LABEL_REFERENCE_RANGE_NAME@0..10 "\\crefrange"
      CURLY_GROUP_WORD@10..15
        L_CURLY@10..11 "{"
        KEY@11..14
          WORD@11..14 "foo"
        R_CURLY@14..15 "}"
      MISSING@15..15 ""

