---
source: tests/lsp/text_document/completion.rs
expression: "complete(r#\"\n%! main.bib\n@article\n |\n ^^^^^^^\"#)"
---
[
  {
    "label": "article",
    "preselect": false
  }
]
